// Jest Snapshot v1, https://goo.gl/fbAQLP

exports[`RoundService creates next round matches 1`] = `
Array [
  Object {},
]
`;
